[simedarby.com/index.html]
[simedarby.com/sites/default/files/favicon.ico]
[backblue.gif]
[fade.gif]
[index.html]
[simedarby.com/sites/default/files/css/css_f8XiFD0Yo02wBDnq1vdYLZK9UKcNzFx35nswz5Lq4iUd816.css]
[cdnjs.cloudflare.com/ajax/libs/twitter-bootstrap/3.3.7/css/bootstrap.min.css]
[simedarby.com/sites/default/files/css/css_GgRlnA89ofYNXo3-Pxdhf80hz6KwiyneAnDL-75eJPAecdf.css]
[simedarby.com/sites/default/files/js/js_-GWsI2onOJNdQ9LZr-KBBlTFSkV8tagu3jwmBxFwe-kd612.js]
[d3js.org/d3.v3.min.js]
[simedarby.com/sites/default/files/logo.png]
[simedarby.com/who-we-are.html]
[simedarby.com/sites/default/files/js/js_DlA9-3hoppQgMto2XNFARCNAnaqzpZh1X08wEB9JcCsfc3b.js]
[simedarby.com/company/history.html]
[simedarby.com/company/board-of-directors.html]
[simedarby.com/company/awards.html]
[simedarby.com/futures-made-better.html]
[simedarby.com/company/executive-leadership.html]
[simedarby.com/company/our-companies.html]
[simedarby.com/company/motors.html]
[simedarby.com/company/industrial.html]
[simedarby.com/company/umw.html]
[simedarby.com/company/other-businesses.html]
[simedarby.com/operating-responsibly/sustainability-blueprint.html]
[simedarby.com/operating-responsibly/climate-change.html]
[simedarby.com/operating-responsibly/energy-and-emissions-management.html]
[simedarby.com/operating-responsibly/waste-management.html]
[simedarby.com/operating-responsibly/water-management.html]
[simedarby.com/operating-responsibly/environmental-conservation.html]
[simedarby.com/operating-responsibly/community-0.html]
[simedarby.com/operating-responsibly/health-safety.html]
[simedarby.com/operating-responsibly/training-development.html]
[simedarby.com/operating-responsibly/human-rights-0.html]
[simedarby.com/operating-responsibly/governance.html]
[simedarby.com/operating-responsibly/policies-and-legislations.html]
[simedarby.com/operating-responsibly/ethical-business-practices.html]
[simedarby.com/operating-responsibly/procurement-vendor-governance.html]
[simedarby.com/operating-responsibly/whistleblowing.html]
[simedarby.com/investor/investor-centre.html]
[simedarby.com/investor/bursa-announcements.html]
[simedarby.com/investor/financial-results.html]
[simedarby.com/investor/shareholder-dividend-info.html]
[simedarby.com/investor/agmegm.html]
[simedarby.com/investor/minority-shareholder-rights.html]
[simedarby.com/investor/annual-reports.html]
[simedarby.com/investor/credit-ratings.html]
[simedarby.com/investor/presentation.html]
[simedarby.com/investor/analyst-coverage.html]
[simedarby.com/media-centre.html]
[simedarby.com/investor/investor-calendar.html]
[simedarby.com/press-releases.html]
[simedarby.com/our-stories.html]
[simedarby.com/downloads.html]
[simedarby.com/gallery.html]
[simedarby.com/careers-centre.html]
[simedarby.com/graduates-scholarships.html]
[simedarby.com/protege.html]
[simedarby.com/the-sime-darby-experience.html]
[simedarby.com/sites/default/files/background/sime_darby_landing_hero.jpg]
[simedarby.com/sites/default/files/background/sime_darby_expand_industrial.png]
[simedarby.com/contact-us.html]
[simedarby.com/sites/default/files/icon/sime_darby_logo_sdindus.png]
[simedarby.com/sites/default/files/background/sime_darby_expand_motor.png]
[simedarby.com/sites/default/files/icon/sime_darby_logo_sdmot.png]
[simedarby.com/sites/default/files/background/umwchapterphoto2_0.png]
[simedarby.com/sites/default/files/icon/umw-logo-transparent-web_white_0.png]
[simedarby.com/press-releases/sime-darby-berhad-reports-strong-q3-fy2024-net-profit-of-rm340-million.html]
[simedarby.com/press-releases/sime-darby-berhad-completes-full-acquisition-of-umw-holdings.html]
[simedarby.com/press-releases/sime-darby-berhad-delivers-q2-fy2024-net-profit-of-rm23-billion.html]
[simedarby.com/sites/default/files/background/sime_darby_bg_invest.png]
[simedarby.com/themes/simedarby/img/graph-icon.png]
[cloud.chartnexus.com/cloudchart/getAppFile5742.png]
[simedarby.com/sites/default/files/background/mobility_mainpic.jpg]
[simedarby.com/mobility.html]
[simedarby.com/sites/default/files/background/sime_darby_bg_operate.png]
[simedarby.com/sites/default/files/background/sime_darby_bg_career.png]
[simedarby.com/sites/default/files/icon/vacant.png]
[simedarby.com/sites/default/files/icon/sime_darby_icon_contact_gen.png]
[simedarby.com/sites/default/files/icon/sime_darby_icon_contact_media.png]
[simedarby.com/sites/default/files/icon/sime_darby_icon_contact_invest.png]
[simedarby.com/sites/default/files/icon/sime_darby_icon_contact_product.png]
[simedarby.com/sites/default/files/icon/sime_darby_icon_contact_vendor.png]
[simedarby.com/sites/default/files/icon/sime_darby_icon_contact_whistle.png]
[simedarby.com/sites/default/files/location.png]
[simedarby.com/sites/default/files/phone_0.png]
[simedarby.com/sites/default/files/fax.png]
[simedarby.com/sites/default/files/inline-images/IG_30x31_0.png]
[simedarby.com/sites/default/files/email.png]
[simedarby.com/image-captcha-generate/30978000/1716917126.jpg]
[simedarby.com/image-captcha-refresh/webform_submission_contact_us_paragraph_570_add_form.json]
[simedarby.com/image-captcha-generate/30978001/1716917126.jpg]
[simedarby.com/image-captcha-generate/30978002/1716917126.jpg]
[simedarby.com/image-captcha-generate/30978003/1716917126.jpg]
[simedarby.com/sites/default/files/icon/facebook-2166_64_0.png]
[simedarby.com/sites/default/files/icon/instagram-2165_64.png]
[simedarby.com/sites/default/files/icon/linkedin-2166_64.png]
[simedarby.com/sites/default/files/icon/youtube-2176_64.png]
[simedarby.com/important-notices.html]
[simedarby.com/pdpa-notice.html]
[unpkg.com/axios@1.7.2/dist/axios.min.js]
[simedarby.com/terms-of-use-and-privacy-policy.html]
[simedarby.com/sites/default/files/inline-images/sime_darby_graph_results_motors.jpg]
[cdnjs.cloudflare.com/ajax/libs/twitter-bootstrap/3.3.7/js/bootstrap.min.js]
[simedarby.com/index.html]
[simedarby.com/sites/default/files/js/js_Om6mDPrQmr-whx2-To22LJ_JVsY4PgLCoH5dvQL4_EU1c6f.js]
[simedarby.com/sites/default/files/js/js_fSZhFcYoVhcOGegEbWY1A9WACHdlw-2SIp_835mswDE1cf9.js]
[simedarby.com/core/misc/tree.png]
[simedarby.com/core/misc/tree-bottom.png]
[simedarby.com/core/assets/vendor/jquery.ui/themes/base/images/ui-icons_444444_256x240.png]
[simedarby.com/core/assets/vendor/jquery.ui/themes/base/images/ui-icons_555555_256x240.png]
[simedarby.com/core/assets/vendor/jquery.ui/themes/base/images/ui-icons_ffffff_256x240.png]
[simedarby.com/core/assets/vendor/jquery.ui/themes/base/images/ui-icons_777620_256x240.png]
[simedarby.com/core/assets/vendor/jquery.ui/themes/base/images/ui-icons_cc0000_256x240.png]
[simedarby.com/core/assets/vendor/jquery.ui/themes/base/images/ui-icons_777777_256x240.png]
[simedarby.com/modules/contrib/colorbox/styles/default/images/controls.png]
[simedarby.com/modules/contrib/colorbox/styles/default/images/loading_animation.gif]
[simedarby.com/sites/default/files/css/css_f8XiFD0Yo02wBDnq1vdYLZK9UKcNzFx35nswz5Lq4iUd816.css]
[cdnjs.cloudflare.com/ajax/libs/twitter-bootstrap/3.3.7/css/bootstrap.min.css]
[simedarby.com/themes/simedarby/img/download-icon-black.png]
[simedarby.com/themes/simedarby/img/link-arrow.png]
[simedarby.com/themes/simedarby/img/link-arrow-hover.png]
[simedarby.com/themes/simedarby/img/quote.png]
[simedarby.com/themes/simedarby/img/announcement-good-news-icon.png]
[simedarby.com/themes/simedarby/img/link-arrow-grey.png]
[simedarby.com/themes/simedarby/img/download-icon.png]
[simedarby.com/themes/simedarby/img/download-icon-grey.png]
[simedarby.com/themes/simedarby/img/facebook-icon.png]
[simedarby.com/themes/simedarby/img/twitter-icon.png]
[simedarby.com/themes/simedarby/img/google-plus-icon.png]
[simedarby.com/themes/simedarby/img/whatsapp-icon.png]
[simedarby.com/themes/simedarby/img/email-icon.png]
[simedarby.com/themes/simedarby/img/select-dropdown-icon.png]
[simedarby.com/themes/simedarby/img/press-release-icon.png]
[simedarby.com/themes/simedarby/img/stories-icon.png]
[simedarby.com/themes/simedarby/img/graph-line.png]
[simedarby.com/themes/simedarby/img/accordion-closed.png]
[simedarby.com/themes/simedarby/img/accordion-open.png]
[simedarby.com/themes/simedarby/img/latest-news-bg.png]
[simedarby.com/themes/simedarby/img/bursa-announcements-bg.jpg]
[simedarby.com/sites/default/files/background/sime_darby_event_hero.jpg]
[simedarby.com/themes/simedarby/img/latest-financial-results.jpg]
[simedarby.com/themes/simedarby/img/menu-dropdown-icon.png]
[simedarby.com/themes/simedarby/img/select-dropdown-arrow-form.png]
[simedarby.com/themes/simedarby/img/cross.png]
[simedarby.com/themes/simedarby/img/download.png]
[simedarby.com/sites/default/files/css/css_GgRlnA89ofYNXo3-Pxdhf80hz6KwiyneAnDL-75eJPAecdf.css]
[simedarby.com/sites/default/files/css/css_lQ5sabNkOPsqmBuh-dWY9WBUjm1MDPWxTJN3ABEIjJ819b5.css]
[simedarby.com/sites/default/files/css/css_GgRlnA89ofYNXo3-Pxdhf80hz6KwiyneAnDL-75eJPA27a1.css]
[simedarby.com/sites/default/files/js/js_-GWsI2onOJNdQ9LZr-KBBlTFSkV8tagu3jwmBxFwe-k3d50.js]
[simedarby.com/sites/default/files/background/sime_darby_hero_abt_7.jpg]
[simedarby.com/sites/default/files/icon/sime_darby_icon_do1.png]
[simedarby.com/sites/default/files/icon/sime_darby_icon_do2.png]
[simedarby.com/sites/default/files/js/js_DlA9-3hoppQgMto2XNFARCNAnaqzpZh1X08wEB9JcCs5040.js]
[simedarby.com/sites/default/files/icon/sime_darby_icon_do3.png]
[simedarby.com/sites/default/files/icon/sime_darby_icon_do4.png]
[simedarby.com/sites/default/files/inline-images/SDB-World-Map-1_1.png]
[simedarby.com/sites/default/files/background/sime_darby_history_hero.png]
[simedarby.com/sites/default/files/images/sime_darby_bod_hero.png]
[simedarby.com/sites/default/files/images/sime_darby_el_hero.png]
[simedarby.com/sites/default/files/images/sime_darby_awd_hero.png]
[simedarby.com/who-we-are.html]
[simedarby.com/sites/default/files/js/js_B7Wdf1ldeLZcMUmSsY_klOkGP2JnszuOeE1Iaq0bGZE8576.js]
[simedarby.com/sites/default/files/css/css_-55W16jOv1Hwawwev1GzF1dwpNPUEyaERCh3Q4TyvJU8b2d.css]
[simedarby.com/sites/default/files/css/css_GgRlnA89ofYNXo3-Pxdhf80hz6KwiyneAnDL-75eJPAc877.css]
[simedarby.com/sites/default/files/js/js_fSZhFcYoVhcOGegEbWY1A9WACHdlw-2SIp_835mswDE223c.js]
[simedarby.com/sites/default/files/background/bg3.jpg]
[simedarby.com/sites/default/files/js/js_-GWsI2onOJNdQ9LZr-KBBlTFSkV8tagu3jwmBxFwe-k8a9f.js]
[simedarby.com/sites/default/files/history/umw-hq-hi-res_1.jpg]
[simedarby.com/sites/default/files/js/js_DlA9-3hoppQgMto2XNFARCNAnaqzpZh1X08wEB9JcCs1726.js]
[simedarby.com/sites/default/files/history/umw-hq-hi-res_0.jpg]
[simedarby.com/sites/default/files/history/umw-hq-hi-res_2.jpg]
[simedarby.com/sites/default/files/history/pmishowroom_history_0.png]
[simedarby.com/sites/default/files/history/porscheassemblylaunch_web.jpg]
[simedarby.com/sites/default/files/history/motorscity_website_history_0.jpg]
[simedarby.com/sites/default/files/history/mini_website_history.jpg]
[simedarby.com/sites/default/files/history/volvomalaysia_website_history.jpg]
[simedarby.com/sites/default/files/history/gough_history.jpg]
[simedarby.com/sites/default/files/history/singulato_history.jpg]
[simedarby.com/sites/default/files/history/p90337641_highres_rob-thomson-dealer-p_0.jpg]
[simedarby.com/sites/default/files/history/hmg_history_small.jpg]
[simedarby.com/sites/default/files/history/sime_darby_auto_engineering_engine_assembly_facility_history.jpg]
[simedarby.com/sites/default/files/history/sime_darby_history_2017_1.png]
[simedarby.com/sites/default/files/history/sime_darby_history_2017_2.png]
[simedarby.com/sites/default/files/history/sime_darby_history_2013_1.png]
[simedarby.com/sites/default/files/history/sime_darby_history_2013_2.png]
[simedarby.com/sites/default/files/history/sime_darby_history_2008.jpg]
[simedarby.com/sites/default/files/history/sime_darby_history_2007.png]
[simedarby.com/sites/default/files/history/sime_darby_history_2005.png]
[simedarby.com/sites/default/files/history/sime_darby_history_2004.jpg]
[simedarby.com/sites/default/files/history/sime_darby_history_2001.jpg]
[simedarby.com/sites/default/files/history/sime_darby_history_2000_1_0.jpg]
[simedarby.com/sites/default/files/history/sime_darby_history_1992.jpg]
[simedarby.com/sites/default/files/history/sime_darby_history_1981.jpg]
[simedarby.com/sites/default/files/history/1979_1.jpg]
[simedarby.com/sites/default/files/history/sime_darby_history_1976.jpg]
[simedarby.com/sites/default/files/history/sime_darby_history_1972.jpg]
[simedarby.com/sites/default/files/history/sime_darby_history_1964.jpg]
[simedarby.com/sites/default/files/history/sime_darby_history_1930.jpg]
[simedarby.com/sites/default/files/history/sime_darby_history_1929.jpg]
[simedarby.com/sites/default/files/history/sime_darby_history_1916.jpg]
[simedarby.com/sites/default/files/history/sime_darby_history_1910.jpg]
[simedarby.com/sites/default/files/background/sime_darby_abt_hero.jpg]
[simedarby.com/sites/default/files/js/js_hS9fvSvH0mfloXZSD8fyKwma42B3ejP0oXJGbI8edZIa7c8.js]
[simedarby.com/company/history.html]
[simedarby.com/board-of-directors/tan-sri-samsudin-osman.html]
[simedarby.com/sites/default/files/js/js_fSZhFcYoVhcOGegEbWY1A9WACHdlw-2SIp_835mswDEddc0.js]
[simedarby.com/sites/default/files/styles/organizer_profile_picture/public/board-of-directors/bod_tan_sri_samsudin_3ccea.png]
[simedarby.com/board-of-directors/thayaparan-sangarapillai.html]
[simedarby.com/sites/default/files/styles/organizer_profile_picture/public/board-of-directors/bod_thayaparan_sangarapillai_1829d.png]
[simedarby.com/board-of-directors/tan-sri-ahmad-badri-mohd-zahir.html]
[simedarby.com/sites/default/files/styles/organizer_profile_picture/public/board-of-directors/bod_tan_sri_ahmad_badri0a4e.png]
[simedarby.com/board-of-directors/tan-sri-muhammad-shahrul-ikram-yaakob.html]
[simedarby.com/sites/default/files/styles/organizer_profile_picture/public/board-of-directors/bod_tan_sri_muhammad_shahrul98a0.png]
[simedarby.com/board-of-directors/dato-lawrence-lee-cheow-hock-0.html]
[simedarby.com/sites/default/files/styles/organizer_profile_picture/public/board-of-directors/bod_dato_lawrence_lee87c9.png]
[simedarby.com/board-of-directors/moy-pui-yee.html]
[simedarby.com/sites/default/files/styles/organizer_profile_picture/public/board-of-directors/bod_moy_pui_yeef9a1.png]
[simedarby.com/board-of-directors/mohamad-idros-mosin.html]
[simedarby.com/sites/default/files/styles/organizer_profile_picture/public/board-of-directors/bod_mohamad_idros_mosin3e65.png]
[simedarby.com/board-of-directors/dato-dr-nirmala-menon.html]
[simedarby.com/sites/default/files/styles/organizer_profile_picture/public/board-of-directors/bod_dato_dr_nirmalab761.png]
[simedarby.com/sites/default/files/styles/organizer_profile_picture/public/board-of-directors/bod_datukhamisahtapsir_0d1d9.png]
[simedarby.com/board-of-directors/edree-ahmad.html]
[simedarby.com/sites/default/files/styles/organizer_profile_picture/public/board-of-directors/bod_edree_ahmadec18.png]
[simedarby.com/board-of-directors/professor-datuk-ts-ir-dr-siti-hamisah-tapsir.html]
[simedarby.com/board-of-directors/dato-jeffri-salim-davidson.html]
[simedarby.com/sites/default/files/styles/organizer_profile_picture/public/board-of-directors/bod_dato_jeffri_salim1cf8.png]
[simedarby.com/sites/default/files/images/executive-leadership_0.jpg]
[simedarby.com/sites/default/files/images/award.jpg]
[simedarby.com/sites/default/files/images/history.jpg]
[simedarby.com/company/board-of-directors.html]
[simedarby.com/executive-leadership/dato-jeffri-salim-davidson.html]
[simedarby.com/sites/default/files/styles/organizer_profile_picture/public/executive-leadership/le_dato_jeffri_salim_01eee.png]
[simedarby.com/executive-leadership/muhammad-noor-abd-aziz.html]
[simedarby.com/sites/default/files/styles/organizer_profile_picture/public/executive-leadership/leader_website_2024_copy_noor5369.png]
[simedarby.com/executive-leadership/datuk-thomas-leong-yew-hong.html]
[simedarby.com/sites/default/files/styles/organizer_profile_picture/public/executive-leadership/le_datuk_thomas_leong13ed.png]
[simedarby.com/company/executive-leadership.html]
[simedarby.com/company/awards.html]
[simedarby.com/futures-made-better.html]
[simedarby.com/company/our-companies.html]
[simedarby.com/company/industrial.html]
[simedarby.com/company/motors.html]
[simedarby.com/company/umw.html]
[simedarby.com/company/other-businesses.html]
[simedarby.com/operating-responsibly/sustainability-blueprint.html]
[simedarby.com/operating-responsibly/climate-change.html]
[simedarby.com/operating-responsibly/energy-and-emissions-management.html]
[simedarby.com/operating-responsibly/waste-management.html]
[simedarby.com/operating-responsibly/water-management.html]
[simedarby.com/operating-responsibly/environmental-conservation.html]
[simedarby.com/operating-responsibly/community-0.html]
[simedarby.com/operating-responsibly/health-safety.html]
[simedarby.com/operating-responsibly/training-development.html]
[simedarby.com/operating-responsibly/human-rights-0.html]
[simedarby.com/operating-responsibly/governance.html]
[simedarby.com/operating-responsibly/policies-and-legislations.html]
[simedarby.com/operating-responsibly/ethical-business-practices.html]
[simedarby.com/operating-responsibly/procurement-vendor-governance.html]
[simedarby.com/operating-responsibly/whistleblowing.html]
[simedarby.com/investor/investor-centre.html]
[simedarby.com/investor/bursa-announcements.html]
[simedarby.com/investor/financial-results.html]
[simedarby.com/investor/shareholder-dividend-info.html]
[simedarby.com/investor/agmegm.html]
[simedarby.com/investor/minority-shareholder-rights.html]
[simedarby.com/investor/annual-reports.html]
[simedarby.com/investor/credit-ratings.html]
[simedarby.com/investor/analyst-coverage.html]
[simedarby.com/investor/presentation.html]
[simedarby.com/investor/investor-calendar.html]
[simedarby.com/media-centre.html]
[simedarby.com/press-releases.html]
[simedarby.com/our-stories.html]
[simedarby.com/downloads.html]
[simedarby.com/gallery.html]
[simedarby.com/careers-centre.html]
[simedarby.com/graduates-scholarships.html]
[simedarby.com/protege.html]
[simedarby.com/the-sime-darby-experience.html]
[simedarby.com/contact-us.html]
[simedarby.com/press-releases/sime-darby-berhad-reports-strong-q3-fy2024-net-profit-of-rm340-million.html]
[simedarby.com/press-releases/sime-darby-berhad-completes-full-acquisition-of-umw-holdings.html]
[simedarby.com/press-releases/sime-darby-berhad-delivers-q2-fy2024-net-profit-of-rm23-billion.html]
[simedarby.com/mobility.html]
[simedarby.com/node/707.html]
[simedarby.com/important-notices.html]
[simedarby.com/terms-of-use-and-privacy-policy.html]
[simedarby.com/pdpa-notice.html]
[simedarby.com/core/misc/icons/e32700/error.svg]
[simedarby.com/core/misc/icons/e29700/warning.svg]
[simedarby.com/core/misc/icons/73b355/check.svg]
[simedarby.com/core/misc/icons/787878/twistie-down.svg]
[simedarby.com/core/misc/icons/787878/twistie-up.svg]
[simedarby.com/sites/default/files/css/css_lQ5sabNkOPsqmBuh-dWY9WBUjm1MDPWxTJN3ABEIjJ819b5.css]
[simedarby.com/sites/default/files/css/css_GgRlnA89ofYNXo3-Pxdhf80hz6KwiyneAnDL-75eJPA27a1.css]
[simedarby.com/sites/default/files/css/css_-55W16jOv1Hwawwev1GzF1dwpNPUEyaERCh3Q4TyvJU8b2d.css]
[simedarby.com/sites/default/files/css/css_GgRlnA89ofYNXo3-Pxdhf80hz6KwiyneAnDL-75eJPAc877.css]
[simedarby.com/board-of-directors/tan-sri-samsudin-osman.html]
[simedarby.com/board-of-directors/thayaparan-sangarapillai.html]
[simedarby.com/board-of-directors/tan-sri-ahmad-badri-mohd-zahir.html]
[simedarby.com/board-of-directors/tan-sri-muhammad-shahrul-ikram-yaakob.html]
[simedarby.com/board-of-directors/dato-lawrence-lee-cheow-hock-0.html]
[simedarby.com/board-of-directors/moy-pui-yee.html]
[simedarby.com/board-of-directors/mohamad-idros-mosin.html]
[simedarby.com/board-of-directors/dato-dr-nirmala-menon.html]
[simedarby.com/board-of-directors/professor-datuk-ts-ir-dr-siti-hamisah-tapsir.html]
[simedarby.com/board-of-directors/edree-ahmad.html]
[simedarby.com/board-of-directors/dato-jeffri-salim-davidson.html]
[simedarby.com/executive-leadership/dato-jeffri-salim-davidson.html]
[simedarby.com/executive-leadership/muhammad-noor-abd-aziz.html]
[simedarby.com/executive-leadership/datuk-thomas-leong-yew-hong.html]
[simedarby.com/sites/default/files/background/sime_darby_bg_career.png]
[simedarby.com/sites/default/files/history/pmishowroom_history_0.png]
[simedarby.com/sites/default/files/history/salmon_website_history_0.jpg]
[simedarby.com/sites/default/files/styles/organizer_profile_picture/public/board-of-directors/bod_dato_dr_nirmalab761.png]
[simedarby.com/board-of-directors/scott-william-cameron]
[simedarby.com/sites/default/files/styles/organizer_profile_picture/public/board-of-directors/bod_scott_williamcab0.png]
[simedarby.com/board-of-directors/tengku-dato-sri-azmil-zahruddin-raja-abdul-aziz]
[simedarby.com/sites/default/files/styles/organizer_profile_picture/public/board-of-directors/bod_tengku_dato_sri_azmilfd7a.png]
[simedarby.com/sites/default/files/images/executive-leadership_0.jpg]
[simedarby.com/sites/default/files/images/award.jpg]
[simedarby.com/sites/default/files/styles/organizer_profile_picture/public/executive-leadership/leader_website_2024_copy_noor5369.png]
[simedarby.com/sites/default/files/styles/organizer_profile_picture/public/executive-leadership/le_datuk_thomas_leong13ed.png]
[simedarby.com/executive-leadership/roselaini-faiz]
[simedarby.com/sites/default/files/styles/organizer_profile_picture/public/executive-leadership/le_rose27e9.png]
[simedarby.com/executive-leadership/glenn-sheahan]
[simedarby.com/sites/default/files/styles/organizer_profile_picture/public/executive-leadership/le_glenn_sheahan9b3e.png]
[simedarby.com/executive-leadership/deny-rahardjo]
[simedarby.com/sites/default/files/styles/organizer_profile_picture/public/executive-leadership/le_deny_rahardjo81df.png]
[simedarby.com/executive-leadership/dean-mehmet]
[simedarby.com/sites/default/files/styles/organizer_profile_picture/public/executive-leadership/le_dean_0626d.png]
[simedarby.com/executive-leadership/andrew-basham]
[simedarby.com/sites/default/files/styles/organizer_profile_picture/public/executive-leadership/le_andrew_bashamb0f5.png]
[simedarby.com/executive-leadership/mustamir-mohamad]
[simedarby.com/sites/default/files/styles/organizer_profile_picture/public/executive-leadership/le_mustamir_mohamadeda4.png]
[simedarby.com/executive-leadership/noor-zita-hassan]
[simedarby.com/sites/default/files/styles/organizer_profile_picture/public/executive-leadership/le_noor_zita_hassan6bf3.png]
[simedarby.com/sites/default/files/images/bod.jpg]
[simedarby.com/sites/default/files/styles/award_logo/public/awards-logo/mswgaward20219b6d.png]
[simedarby.com/sites/default/files/styles/award_logo/public/awards-logo/edgebrc202212ce.png]
[simedarby.com/sites/default/files/styles/award_logo/public/awards-logo/btalogo2e65.png]
[simedarby.com/sites/default/files/background/sdcoltd_oldoffice_dark.jpg]
[simedarby.com/sites/default/files/images/SDCoLtd_SarawakOffice.png]
[simedarby.com/sites/default/files/images/SDCoLtd_OldAdvert_0.jpg]
[simedarby.com/sites/default/files/background/options_interviewimage.jpg]
[simedarby.com/sites/default/files/pdf/sime110_theedgeoptions_gceointerview.pdf]
[simedarby.com/sites/default/files/pdf/sime110_finalweb_lr.pdf]
[simedarby.com/sites/default/files/background/sime_darby_companies_hero.png]
[simedarby.com/sites/default/files/background/umwchapterphoto2.png]
[simedarby.com/sites/default/files/icon/umw-logo-transparent-web_white.png]
[simedarby.com/sites/default/files/background/sdi-mainpic.jpg]
[simedarby.com/sites/default/files/images/sdbweb_sdi_1_2021.jpg]
[simedarby.com/sites/default/files/animatedIcons/truck_0.gif]
[simedarby.com/sites/default/files/icon/sime_darby_icon_branch.png]
[simedarby.com/sites/default/files/icon/sime_darby_icon_country.png]
[simedarby.com/sites/default/files/icon/sime_darby_icon_brand.png]
[simedarby.com/sites/default/files/images/sdbweb_sdi_2_2021.jpg]
[simedarby.com/sites/default/files/animatedIcons/topo_0.gif]
[simedarby.com/presentations/quarterly-report-for-the-third-quarter-ended-31-march-2024]
[simedarby.com/stories/lighting-the-way-to-greener-operations-salmon-earthmoving]
[simedarby.com/sites/default/files/styles/full_width_landing_thumbnail/public/background/asset_2_0fef1.png]
[simedarby.com/stories/from-a-technician-to-head-of-service-at-tractors-malaysia-meet-yuhanis-yusof]
[simedarby.com/sites/default/files/styles/full_width_landing_thumbnail/public/background/20180207_154050_08a6f.jpg]
[simedarby.com/stories/meet-mohd-rustam-mohd-affandi-an-aspiring-safety-leader]
[simedarby.com/sites/default/files/styles/full_width_landing_thumbnail/public/background/20180129_142809_00bce.png]
[simedarby.com/press-releases/sime-darbys-terberg-tractors-malaysia-launches-new-asia-pacific-headquarters-marking]
[simedarby.com/sites/default/files/styles/full_width_landing_thumbnail/public/press-release/SIME DARBY INDUSTRIAL TTM PIX5d16.JPG]
[simedarby.com/press-releases/sime-darby-berhad-to-acquire-south-australias-cavpower-group]
[simedarby.com/sites/default/files/styles/full_width_landing_thumbnail/public/press-release/PXL_20230706_214112908d34e.jpg]
[simedarby.com/press-releases/sime-darby-berhad-to-acquire-australias-onsite-rental-group]
[simedarby.com/sites/default/files/styles/full_width_landing_thumbnail/public/press-release/onsite_pressrelease_web_06d85.jpg]
[simedarby.com/sites/default/files/images/sdbweb_sdi_3_2021.jpg]
[simedarby.com/sites/default/files/animatedIcons/ripple-small.gif]
[simedarby.com/sites/default/files/images/motor_hero.jpg]
[simedarby.com/sites/default/files/images/otherbusiness_smallhero.png]
[simedarby.com/sites/default/files/background/sd-motors-mainpic_0.jpg]
[simedarby.com/sites/default/files/images/sime_darby_mot1.png]
[simedarby.com/sites/default/files/animatedIcons/globe.gif]
[simedarby.com/sites/default/files/icon/sime_darby_icon_vehicle.png]
[simedarby.com/sites/default/files/images/sime_darby_mot2.png]
[simedarby.com/sites/default/files/animatedIcons/carretail_0.gif]
[simedarby.com/stories/a-journey-of-excellence-and-accomplishments-with-sime-darby]
[simedarby.com/sites/default/files/styles/full_width_landing_thumbnail/public/background/byd_1000_orders__0b2ec.jpeg]
[simedarby.com/stories/sime-darby-motors-collaborates-with-new-world-development-on-the-new-world-green-transport]
[simedarby.com/sites/default/files/styles/full_width_landing_thumbnail/public/background/sdhkmounwd_web233b.jpg]
[simedarby.com/stories/porsche-lauds-partner-of-choice]
[simedarby.com/sites/default/files/styles/full_width_landing_thumbnail/public/background/porsche-assembly_website-storybc4b.jpg]
[simedarby.com/press-releases/porsche-malaysia-surges-forward-for-sustainability-with-greener-measures-at-its]
[simedarby.com/sites/default/files/styles/full_width_landing_thumbnail/public/press-release/PorscheRenewableCharging_web_202349ce.jpg]
[simedarby.com/press-releases/byd-launches-three-3-3s-centres-in-klang-valley-officiated-by-mr-wang-chuanfu-the]
[simedarby.com/sites/default/files/styles/full_width_landing_thumbnail/public/press-release/BYD3SOpeningWeb20232354.jpg]
[simedarby.com/press-releases/chery-automobile-partners-with-sime-darby-for-local-assembly-in-malaysia]
[simedarby.com/sites/default/files/styles/full_width_landing_thumbnail/public/press-release/inokomcherysigning_web1b0d.png]
[simedarby.com/sites/default/files/images/sime_darby_motors_3.jpg]
[simedarby.com/sites/default/files/animatedIcons/ripple-small_0.gif]
[simedarby.com/sites/default/files/images/indus_hero.jpg]
[simedarby.com/sites/default/files/background/umw_mainpic.jpg]
[simedarby.com/sites/default/files/images/UMW_bizpic.jpg]
[simedarby.com/sites/default/files/icon/sime_darby_icon_pol4.png]
[simedarby.com/sites/default/files/images/UMW_bizpic2.jpg]
[simedarby.com/sites/default/files/images/UMW_peoplepic.jpg]
[simedarby.com/sites/default/files/images/sime_darby_other1.png]
[simedarby.com/sites/default/files/images/sime_darby_other3.png]
[simedarby.com/sites/default/files/background/commitment-bg.jpg]
[simedarby.com/sites/default/files/images/Webs 02-02.png]
[simedarby.com/sites/default/files/background/environmentbanner2023_b_0.png]
[simedarby.com/sites/default/files/background/socialbanner_0.png]
[simedarby.com/sites/default/files/background/governance.jpg]
[simedarby.com/sites/default/files/background/environmentbanner2023_b.png]
[simedarby.com/sites/default/files/images/approach_climatechange.png]
[simedarby.com/sites/default/files/images/value_climatechange.png]
[simedarby.com/sites/default/files/images/Energy---Our-approach-.jpg]
[simedarby.com/sites/default/files/images/Energy---Create-Value.jpg]
[simedarby.com/sites/default/files/images/Climate-Change---Our-Approach_1.jpg]
[simedarby.com/sites/default/files/images/Climate-Change---Our-Approach_0.jpg]
[simedarby.com/sites/default/files/images/Picture1.png]
[simedarby.com/sites/default/files/images/Water---create-value-(2).jpg]
[simedarby.com/sites/default/files/inline-images/Climate-Change---Our-Approach_5.jpg]
[simedarby.com/sites/default/files/background/sime_darby_expand_human_hero.jpg]
[simedarby.com/sites/default/files/images/Communities_YSD_2.jpg]
[simedarby.com/sites/default/files/images/Communities_YSD_1.jpg]
[simedarby.com/sites/default/files/images/H&S - Approach.PNG]
[simedarby.com/sites/default/files/images/Self_2022_photo_1.jpg]
[simedarby.com/sites/default/files/images/Training - Approach.jpg]
[simedarby.com/sites/default/files/images/Annotation-2023-12-28-135529_0.png]
[simedarby.com/sites/default/files/background/sime_darby_bg_gov_hero.jpg]
[simedarby.com/sites/default/files/icon/sime_darby_icon_obj1.png]
[simedarby.com/sites/default/files/icon/sime_darby_icon_obj2.png]
[simedarby.com/sites/default/files/icon/sime_darby_icon_obj3.png]
[simedarby.com/sites/default/files/board_charter_approved_on_21.02.2024.pdf]
[simedarby.com/sites/default/files/board_remuneration_policy_2021_-_final.pdf]
[simedarby.com/sites/default/files/directors_fit_and_proper_policy_0.pdf]
[simedarby.com/sites/default/files/board_composition_policy_approved_on_12.01.2022.pdf]
[simedarby.com/sites/default/files/nrc_tor_approved_on_21.02.2024.pdf]
[simedarby.com/sites/default/files/rmsc_tor_final23.02.2023_0.pdf]
[simedarby.com/sites/default/files/icon/sime_darby_icon_pol1.png]
[simedarby.com/sites/default/files/icon/sime_darby_icon_pol2.png]
[simedarby.com/sites/default/files/icon/sime_darby_icon_pol3.png]
[simedarby.com/sites/default/files/icon/sime_darby_icon_pol5.png]
[simedarby.com/sites/default/files/pdf/conflict_of_interest_declaration_form_v2.pdf]
[simedarby.com/sites/default/files/icon/sime_darby_icon_download.png]
[simedarby.com/sites/default/files/icon/sime_darby_icon_btn_web.png]
[simedarby.com/sites/default/files/inline-images/sime_dary_pro_diagram.jpg]
[simedarby.com/sites/default/files/inline-images/sime_darby_flag_england.png]
[simedarby.com/sites/default/files/inline-images/sime_darby_diagram_vendor_mgmt.gif]
[simedarby.com/sites/default/files/icon/website.png]
[simedarby.com/sites/default/files/appendix_1_whistleblowing_charter_framework_final_10112023.pdf]
[simedarby.com/sites/default/files/e-form.png]
[simedarby.com/sites/default/files/e-mail.png]
[simedarby.com/sites/default/files/mail.png]
[simedarby.com/sites/default/files/phone.png]
[simedarby.com/sites/default/files/css/css_G-OgUAR0IhnRIE8b5J-VONl95Y7QnebGk7XDEFnzEj8f2d2.css]
[simedarby.com/sites/default/files/css/css_GgRlnA89ofYNXo3-Pxdhf80hz6KwiyneAnDL-75eJPA1a75.css]
[simedarby.com/sites/default/files/js/js_-GWsI2onOJNdQ9LZr-KBBlTFSkV8tagu3jwmBxFwe-kdea6.js]
[simedarby.com/sites/default/files/js/js_DlA9-3hoppQgMto2XNFARCNAnaqzpZh1X08wEB9JcCs2c13.js]
[simedarby.com/themes/simedarby/img/revenue-icon.png]
[simedarby.com/themes/simedarby/img/profit-icon.png]
[simedarby.com/sites/default/files/background/sime-darby_bursa_hero_0.jpg]
[simedarby.com/sites/default/files/icon/sime_darby_icon_announce_w.png]
[simedarby.com/sites/default/files/icon/sime_darby_icon_changes_w.png]
[simedarby.com/sites/default/files/icon/sime_darby_icon_listing_w.png]
[simedarby.com/sites/default/files/icon/sime_darby_icon_reply_w.png]
[simedarby.com/sites/default/files/2023-10/pages_from_sdb_ir23_website.png]
[simedarby.com/image-captcha-generate/30978020/1716917234]
[simedarby.com/sites/default/files/background/sime_dabry_analyst_hero.jpg]
[simedarby.com/sites/default/files/background/sime_darby_bond_hero.jpg]
[simedarby.com/sites/default/files/background/sime_darby_presso_hero.jpg]
[simedarby.com/sites/default/files/js/js_fSZhFcYoVhcOGegEbWY1A9WACHdlw-2SIp_835mswDEf91d.js]
[simedarby.com/sites/default/files/js/js_ZTTMKtY8a8yPWzx2TqemB70L8ZmyvnY1rCqNU2LBmEs3331.js]
[simedarby.com/sites/default/files/icon/sime_darby_icon_announce_g.png]
[simedarby.com/sites/default/files/icon/sime_darby_icon_changes_g.png]
[simedarby.com/sites/default/files/icon/sime_darby_icon_listing_g.png]
[simedarby.com/sites/default/files/icon/sime_darby_icon_reply_g.png]
[simedarby.com/sites/default/files/icon/sime_darby_icon_audit_g.png]
[simedarby.com/sites/default/files/icon/sime_darby_icon_circulars_g.png]
[simedarby.com/sites/default/files/icon/sime_darvy_icon_report_g.png]
[simedarby.com/sites/default/files/background/sime_darby_financial_hero.jpg]
[simedarby.com/sites/default/files/icon/sime_darby_icon_dl_press.png]
[simedarby.com/sites/default/files/2023-11/qr_-_q1_fy24.pdf]
[simedarby.com/sites/default/files/icon/sime_darby_icon_dl_sheet.png]
[simedarby.com/sites/default/files/icon/sime_darby_icon_dl_material.png]
[simedarby.com/sites/default/files/2024-02/quarter_report.pdf]
[simedarby.com/sites/default/files/2024-05/qr_q3fy24.pdf]
[simedarby.com/sites/default/files/icon/revenue_g.png]
[simedarby.com/sites/default/files/icon/profit_g.png]
[simedarby.com/sites/default/files/background/sime_darby_report_hero.jpg]
[simedarby.com/sites/default/files/background/sime-darby_bursa_hero.jpg]
[simedarby.com/sites/default/files/icon/pnb_grey.png]
[simedarby.com/sites/default/files/icon/epf.png]
[simedarby.com/sites/default/files/icon/kwap_masterlogo102.png]
[simedarby.com/sites/default/files/icon/float.png]
[simedarby.com/sites/default/files/icon/free-float.png]
[simedarby.com/sites/default/files/2023_ar_notice_of_agm.pdf]
[simedarby.com/sites/default/files/sime_darby_berhad_-_rrpt_17.10.2023_5.30pmprinted_version_0.pdf]
[simedarby.com/sites/default/files/administrative_guide_2023.pdf]
[simedarby.com/sites/default/files/2023_ar_notice_to_shareholders.pdf]
[simedarby.com/sites/default/files/2023_ar_notice_to_proxy.pdf]
[simedarby.com/sites/default/files/request_form_ar2023.pdf]
[simedarby.com/sites/default/files/2023_ar_proxy_form.pdf]
[simedarby.com/sites/default/files/letter_from_mswg_dated_08.11.2023_0.pdf]
[simedarby.com/sites/default/files/sdbs_responses_14.11.2023_final.pdf]
[simedarby.com/sites/default/files/sime_darby_berhad_-_minutes_of_17th_agm.pdf]
[simedarby.com/sites/default/files/notice_of_egm_2.pdf]
[simedarby.com/sites/default/files/2023-11/administrative_guide_2023_egm_0.pdf]
[simedarby.com/sites/default/files/circular_to_shareholders_-_proposed_acquisition_and_proposed_mgo.pdf]
[simedarby.com/sites/default/files/2023-11/request_form_-_egm_0.pdf]
[simedarby.com/sites/default/files/2023-11/form_of_proxy_of_egm_0.pdf]
[simedarby.com/sites/default/files/minutes_of_egm_held_on_16_november_2023__0.pdf]
[simedarby.com/sites/default/files/images/sime_darby_share_hero.jpg]
[simedarby.com/sites/default/files/icon/sime_darby_icon_protect1.png]
[simedarby.com/sites/default/files/icon/sime_darby_icon_protect2.png]
[simedarby.com/sites/default/files/icon/sime_darby_icon_protect3.png]
[simedarby.com/sites/default/files/icon/sime_darby_icon_protect4.png]
[simedarby.com/sites/default/files/icon/sime_darby_icon_protect5.png]
[simedarby.com/sites/default/files/icon/sime_darby_icon_protect6.png]
[simedarby.com/sites/default/files/annualreports-cover/pages_from_sdb_ir23_website.pdf.jpg]
[simedarby.com/sites/default/files/annualreport-pdf/sdb_ir23_website_interactive_16.11.2023-1.pdf]
[simedarby.com/sites/default/files/annualreport-pdf/corporate_governance_report_2023.pdf]
[simedarby.com/sites/default/files/annualreport-pdf/sime_darby_ar2022_interactive_221017_0.pdf]
[simedarby.com/sites/default/files/annualreports-cover/annual-report-2022-cover_0.png]
[simedarby.com/sites/default/files/annualreport-pdf/sime_darby_ar2021_hyperlinked_bookmark_211110.pdf]
[simedarby.com/sites/default/files/annualreports-cover/annual_report_2021_cover_0.jpg]
[simedarby.com/sites/default/files/annualreport-pdf/sime_darby_ar2020_full_book_website.02112020.pdf]
[simedarby.com/sites/default/files/annualreports-cover/fy2020_ar_cover_image_0.png]
[simedarby.com/sites/default/files/annualreport-pdf/sime_darby_berhad_ar2019_web.pdf]
[simedarby.com/sites/default/files/annualreports-cover/web_sime_darby_berhad_ar2019_page_001_0.png]
[simedarby.com/sites/default/files/annualreport-pdf/website_sime_darby_berhad_ar18_w_bookmark_051118-web.pdf]
[simedarby.com/sites/default/files/annualreports-cover/sdar2018_cover_web.png]
[simedarby.com/sites/default/files/annualreport-pdf/sdiar_2017_annual_report.pdf]
[simedarby.com/sites/default/files/annualreports-cover/rpt_2017.jpg]
[simedarby.com/sites/default/files/annualreport-pdf/sime-darby-annual-report-2016.pdf]
[simedarby.com/sites/default/files/annualreports-cover/sime_daby_rpt_2016_big_0.jpg]
[simedarby.com/sites/default/files/annualreport-pdf/sime_darby_annual_report_2015.pdf]
[simedarby.com/sites/default/files/annualreports-cover/sime_darby_rpt2015.jpg]
[simedarby.com/sites/default/files/annualreport-pdf/sime_darby_ar2014.pdf]
[simedarby.com/sites/default/files/annualreports-cover/sime_darby_rpt2014.jpg]
[simedarby.com/sites/default/files/annualreport-pdf/sime_darby_ar2013_lowres.pdf]
[simedarby.com/sites/default/files/annualreports-cover/sime_darby_rpt2013.jpg]
[simedarby.com/sites/default/files/annualreport-pdf/sime_darby_annual_report_2012-compressed.pdf]
[simedarby.com/sites/default/files/annualreports-cover/sime_darby_rpt2012.jpg]
[simedarby.com/sites/default/files/annualreport-pdf/sime_darby_annual_report_2011.pdf]
[simedarby.com/sites/default/files/annualreports-cover/sime_darby_rpt2011.jpg]
[simedarby.com/sites/default/files/annualreport-pdf/sime_darby_ar2010.pdf]
[simedarby.com/sites/default/files/annualreports-cover/sime_darby_rpt2010.jpg]
[simedarby.com/sites/default/files/annualreport-pdf/sime_darby_ar2009.pdf]
[simedarby.com/sites/default/files/annualreports-cover/sime_darby_rpt2009.jpg]
[simedarby.com/sites/default/files/annualreport-pdf/sime_darby_ar2008.pdf]
[simedarby.com/sites/default/files/annualreports-cover/sime_darby_rpt2008.jpg]
[simedarby.com/sites/default/files/annualreport-pdf/sime-darby-annualreport2007.pdf]
[simedarby.com/sites/default/files/annualreports-cover/sime_darby_rpt2007.jpg]
[simedarby.com/sites/default/files/icon/affin_0.jpg]
[simedarby.com/sites/default/files/icon/aminvestment.jpg]
[simedarby.com/sites/default/files/icon/cgsi_logo_1_1.png]
[simedarby.com/sites/default/files/icon/cimb.jpg]
[simedarby.com/sites/default/files/icon/citi.jpg]
[simedarby.com/sites/default/files/icon/clsa_0_0.jpg]
[simedarby.com/sites/default/files/icon/hongleong_0.jpg]
[simedarby.com/sites/default/files/icon/kenanga_0.jpg]
[simedarby.com/sites/default/files/icon/macquarie_group_logo.png]
[simedarby.com/sites/default/files/icon/maybank.jpg]
[simedarby.com/sites/default/files/icon/nomura_0.jpg]
[simedarby.com/sites/default/files/icon/publicinvest_logo2.png]
[simedarby.com/sites/default/files/icon/rhb.jpg]
[simedarby.com/sites/default/files/icon/tasec.jpg]
[simedarby.com/sites/default/files/icon/ubs_logo.png]
[simedarby.com/sites/default/files/icon/uob_logo_0.png]
[simedarby.com/sites/default/files/css/css_-55W16jOv1Hwawwev1GzF1dwpNPUEyaERCh3Q4TyvJU8903.css]
[simedarby.com/sites/default/files/css/css_GgRlnA89ofYNXo3-Pxdhf80hz6KwiyneAnDL-75eJPA7896.css]
[simedarby.com/sites/default/files/js/js_-GWsI2onOJNdQ9LZr-KBBlTFSkV8tagu3jwmBxFwe-kb6f6.js]
[simedarby.com/sites/default/files/js/js_DlA9-3hoppQgMto2XNFARCNAnaqzpZh1X08wEB9JcCs7cb1.js]
[simedarby.com/sites/default/files/2024-05/Financial Results - Q3 FY2024 Analyst Briefing (FINAL)_0.pdf]
[simedarby.com/sites/default/files/2024-02/Financial Results - Q2 FY2024 Analyst Briefing_0.pdf]
[simedarby.com/sites/default/files/2023-11/Financial Results - Q1 FY2024 (Final flashed and website).pdf]
[simedarby.com/sites/default/files/2023-11/AGM Presentation.pdf]
[simedarby.com/sites/default/files/2023-08/4QFY23 - AB DECK (latest).pdf]
[simedarby.com/sites/default/files/2023-05/3QFY23 AB DECK_web.pdf]
[simedarby.com/sites/default/files/2023-02/Analysts Briefing Deck_Feb 2023_vFF.pdf]
[simedarby.com/sites/default/files/2022-11/AB Q1FY23_Nov 2022_vF (updated).pdf]
[simedarby.com/sites/default/files/2022-08/AB Q4FY22_August 2022_vF.pdf]
[simedarby.com/investor/presentation2679]
[simedarby.com/sites/default/files/js/js_fSZhFcYoVhcOGegEbWY1A9WACHdlw-2SIp_835mswDE4aff.js]
[simedarby.com/sites/default/files/js/js_sMioaAD1seONB1VeyDBmwbrsuCzsKYq80X1BarHHEMw678d.js]
[simedarby.com/sites/default/files/background/sime_darby_media_banner.jpg]
[simedarby.com/sites/default/files/autobavaria-thumb.jpg]
[simedarby.com/galleryde48]
[simedarby.com/sites/default/files/simedarby-video-thumb.jpg]
[simedarby.com/sites/default/files/images/sime_darby_download_banner.jpg]
[simedarby.com/sites/default/files/images/sime_darby_story_banner.jpg]
[simedarby.com/sites/default/files/background/sime_darby_press_banner.jpg]
[simedarby.com/press-releases/sime-darby-berhad-delivers-another-strong-quarter]
[simedarby.com/press-releases/sime-darby-receives-shareholder-support-to-acquire-umw]
[simedarby.com/press-releases/sime-darby-berhad-exits-healthcare-business]
[simedarby.com/press-releases/sime-darby-to-acquire-umw]
[simedarby.com/press-releases/sime-darby-berhad-reports-higher-full-year-net-profit-of-rm146-billion-for-fy2023]
[simedarby.com/press-releases2679]
[simedarby.com/stories/reduce-reuse-recycle-small-actions-making-big-impacts]
[simedarby.com/sites/default/files/styles/full_width_landing_thumbnail/public/background/recycle-icon-sign-composed-by-plastic-waste-isolated-on-green-background-concept-of-recycle-reuse-reduce-for-ecologi]
[simedarby.com/stories/lim-mun-qwans-journey-with-sime-darby]
[simedarby.com/sites/default/files/styles/full_width_landing_thumbnail/public/background/lmq-compressed_4a640.jpg]
[simedarby.com/stories/qa-with-sime-darby-berhads-group-chief-financial-officer-mustamir-mohamad]
[simedarby.com/sites/default/files/styles/full_width_landing_thumbnail/public/background/dsc00296_12ba5.jpg]
[simedarby.com/stories/thivya-viswamohanan-sime-darby-berhads-shining-stars]
[simedarby.com/sites/default/files/styles/full_width_landing_thumbnail/public/background/thivya_0bf4a.png]
[simedarby.com/stories/meet-hasting-deerings-evan-crisafulli-north-queenslands-apprentice-of-the-year]
[simedarby.com/sites/default/files/styles/full_width_landing_thumbnail/public/background/microsoftteams-image_2a450.png]
[simedarby.com/our-stories2679]
[simedarby.com/sites/default/files/css/css_lQ5sabNkOPsqmBuh-dWY9WBUjm1MDPWxTJN3ABEIjJ80be7.css]
[simedarby.com/sites/default/files/css/css_GgRlnA89ofYNXo3-Pxdhf80hz6KwiyneAnDL-75eJPAa7b3.css]
[simedarby.com/sites/default/files/js/js_-GWsI2onOJNdQ9LZr-KBBlTFSkV8tagu3jwmBxFwe-k453a.js]
[simedarby.com/sites/default/files/js/js_DlA9-3hoppQgMto2XNFARCNAnaqzpZh1X08wEB9JcCsa08f.js]
[simedarby.com/sites/default/files/background/download-banner.jpg]
[simedarby.com/sites/default/files/inline-images/sime110cover.jpg]
[simedarby.com/sites/default/files/pdf/sdi_fact_sheet_2023.web_.pdf]
[simedarby.com/sites/default/files/pdf-cover/factsheet_industrial_november2019_cover.png]
[simedarby.com/sites/default/files/pdf/fact_sheet_sime_darby_motors_1st_november_2023.pdf]
[simedarby.com/sites/default/files/pdf-cover/factsheet_motors_november2019_cover.png]
[www.simedarby.com/sites/default/files/corporate-logos/sd.corp__0.jpg]
[simedarby.com/sites/default/files/styles/gallery_thumbnails/public/corporate-logos/sd.corp__04cd9.jpg]
[www.simedarby.com/sites/default/files/corporate-logos/logo-motors.jpg]
[simedarby.com/sites/default/files/styles/gallery_thumbnails/public/corporate-logos/logo-motors3d68.jpg]
[www.simedarby.com/sites/default/files/corporate-logos/logo-industrial.jpg]
[simedarby.com/sites/default/files/styles/gallery_thumbnails/public/corporate-logos/logo-industrial6d53.jpg]
[simedarby.com/sites/default/files/js/js_fSZhFcYoVhcOGegEbWY1A9WACHdlw-2SIp_835mswDEcc37.js]
[simedarby.com/sites/default/files/js/js_chFw7orgU7uY4mk_B36waU8swCBatyLBNUasRrQQkGcdb70.js]
[simedarby.com/sites/default/files/css/css_JXj7CCdyKHPfqGGJyCCM9a2l1tz8aRciQwLrMfa-zJI51d1.css]
[simedarby.com/sites/default/files/css/css_GgRlnA89ofYNXo3-Pxdhf80hz6KwiyneAnDL-75eJPA5ce1.css]
[simedarby.com/sites/default/files/js/js_-GWsI2onOJNdQ9LZr-KBBlTFSkV8tagu3jwmBxFwe-k4db2.js]
[simedarby.com/sites/default/files/js/js_DlA9-3hoppQgMto2XNFARCNAnaqzpZh1X08wEB9JcCs4afc.js]
[simedarby.com/sites/default/files/background/banner-gallery-new.jpg]
[simedarby.com/sites/default/files/styles/large/public/gallery/autobavaria_01090.jpg]
[simedarby.com/sites/default/files/gallery/autobavaria_0.jpg]
[simedarby.com/sites/default/files/styles/large/public/gallery/Hastings Deering Australia_09134.JPG]
[simedarby.com/sites/default/files/gallery/Hastings Deering Australia_0.JPG]
[simedarby.com/sites/default/files/styles/large/public/gallery/SDI_exterior_018c9.jpg]
[simedarby.com/sites/default/files/gallery/SDI_exterior_0.jpg]
[simedarby.com/sites/default/files/styles/large/public/gallery/NewHolland_Tractor_0aa52.jpg]
[simedarby.com/sites/default/files/gallery/NewHolland_Tractor_0.jpg]
[simedarby.com/sites/default/files/styles/large/public/gallery/SDM_exteriorff08.jpg]
[simedarby.com/sites/default/files/gallery/SDM_exterior.jpg]
[simedarby.com/sites/default/files/styles/large/public/gallery/Inokom_Assembly0039.jpg]
[simedarby.com/sites/default/files/gallery/Inokom_Assembly.jpg]
[simedarby.com/sites/default/files/styles/large/public/gallery/SDAE_Assembly7dd7.jpg]
[simedarby.com/sites/default/files/gallery/SDAE_Assembly.jpg]
[simedarby.com/sites/default/files/styles/large/public/gallery/SDI Academydd6c.jpg]
[simedarby.com/sites/default/files/gallery/SDI Academy.jpg]
[simedarby.com/sites/default/files/styles/large/public/gallery/SDAC1_0bf35.JPG]
[simedarby.com/sites/default/files/gallery/SDAC1_0.JPG]
[simedarby.com/sites/default/files/styles/large/public/gallery/Menara Sime Darby_2dec4.jpg]
[simedarby.com/sites/default/files/gallery/Menara Sime Darby_2.jpg]
[simedarby.com/_https_/www.youtube.com/embed/4E8MQBQiAz861d6]
[simedarby.com/sites/default/files/styles/large/public/video_thumbnails/4E8MQBQiAz88926.jpg]
[simedarby.com/_https_/www.youtube.com/embed/hAJgTa26ckY61d6]
[simedarby.com/sites/default/files/styles/large/public/video_thumbnails/hAJgTa26ckYe850.jpg]
[simedarby.com/_https_/www.youtube.com/embed/mY6ihL_YuFs61d6]
[simedarby.com/sites/default/files/styles/large/public/video_thumbnails/mY6ihL_YuFsdf9e.jpg]
[simedarby.com/_https_/www.youtube.com/embed/pBAoDcrrOIc61d6]
[simedarby.com/sites/default/files/styles/large/public/video_thumbnails/pBAoDcrrOIccf6e.jpg]
[simedarby.com/_https_/www.youtube.com/embed/7xPYirJj9IY61d6]
[simedarby.com/sites/default/files/styles/large/public/video_thumbnails/7xPYirJj9IY3602.jpg]
[simedarby.com/_https_/www.youtube.com/embed/KtWBXYbhLnY61d6]
[simedarby.com/sites/default/files/styles/large/public/video_thumbnails/KtWBXYbhLnY2a72.jpg]
[simedarby.com/_https_/www.youtube.com/embed/x2XE-_-UfGc61d6]
[simedarby.com/sites/default/files/styles/large/public/video_thumbnails/x2XE-_-UfGc28dd.jpg]
[simedarby.com/_https_/www.youtube.com/embed/b44UYq_Vmn461d6]
[simedarby.com/sites/default/files/styles/large/public/video_thumbnails/b44UYq_Vmn41ff1.jpg]
[simedarby.com/sites/default/files/js/js_fSZhFcYoVhcOGegEbWY1A9WACHdlw-2SIp_835mswDE5170.js]
[simedarby.com/sites/default/files/js/js_J9JmDMVy6i_0erbSP55PbWk7_bpMxhYU--tCSrP0R145580.js]
[simedarby.com/sites/default/files/background/sime_darby_career_banner.jpg]
[simedarby.com/sites/default/files/background/sime_darby_careers_banner_4.jpg]
[simedarby.com/sites/default/files/background/sime_darby_experience_banner_3_1.jpg]
[simedarby.com/professionals]
[simedarby.com/sites/default/files/background/sime_darby_career_vertical_rollovers-2018a.jpg]
[simedarby.com/sites/default/files/background/sime_darby_career_vertical_rollovers-2018c.jpg]
[simedarby.com/sites/default/files/background/sime_darby_career_vertical_rollovers-2018b_0.jpg]
[simedarby.com/sites/default/files/background/sime_darby_career_grad_scholarship-13.jpg]
[simedarby.com/sites/default/files/background/sime_darby_career_grad_scholarship-14.jpg]
[simedarby.com/sites/default/files/icon/sime_darby_icon_grad1.png]
[simedarby.com/sites/default/files/icon/sime_darby_icon_grad2.png]
[simedarby.com/sites/default/files/background/sime_darby_career_sl1m_banner.jpg]
[simedarby.com/sites/default/files/images/sime_darby_career_sd_exp_banner.jpg]
[simedarby.com/sites/default/files/background/slim_mainpic_dark.jpg]
[simedarby.com/sites/default/files/inline-images/protegelogosmall_0.png]
[simedarby.com/sites/default/files/background/sime_darby_careers_banner_4_0.jpg]
[simedarby.com/sites/default/files/icon/sime_darby_icon_sd_exp.png]
[simedarby.com/sites/default/files/icon/sime_darby_icon_sd_exp_1.png]
[simedarby.com/sites/default/files/icon/sime_darby_icon_sd_exp_2.png]
[simedarby.com/sites/default/files/styles/organizer_profile_picture/public/background/thivya_084c8.png]
[simedarby.com/stories/meet-qualified-technician-jason-ferreira]
[simedarby.com/sites/default/files/styles/organizer_profile_picture/public/background/jasonferreira_sdm136e8.png]
[simedarby.com/stories/meet-auto-bavarias-top-technician-chuah-teong-lieh]
[simedarby.com/sites/default/files/styles/organizer_profile_picture/public/background/chuahteonglieh_web1_00180.jpg]
[simedarby.com/stories/sime-darby-industrial-sdn-bhd-employees-awarded-cats-most-valuable-player]
[simedarby.com/sites/default/files/styles/organizer_profile_picture/public/background/wongshanjiv257f3.jpg]
[simedarby.com/stories/from-ships-to-forklifts]
[simedarby.com/sites/default/files/styles/organizer_profile_picture/public/background/natarsha_sdi1_08b8b.jpg]
[simedarby.com/stories/luke-banfield-is-hastings-deerings-2020-apprentice-of-the-year]
[simedarby.com/sites/default/files/styles/organizer_profile_picture/public/background/lukebanfield_hd_113f2.jpg]
[simedarby.com/sites/default/files/background/sime_darby_contact_banner.jpg]
[simedarby.com/sites/default/files/icon/sime_darby_icon_contact_gen64x64.png]
[simedarby.com/sites/default/files/icon/sime_darby_icon_contact_media_64x64.png]
[simedarby.com/sites/default/files/icon/sime_darby_icon_contact_invest_64x64.png]
[simedarby.com/sites/default/files/icon/sime_darby_icon_contact_product_64x64.png]
[simedarby.com/sites/default/files/icon/sime_darby_icon_contact_vendor_64x64.png]
[simedarby.com/sites/default/files/icon/sime_darby_icon_contact_whistle_64x64.png]
[simedarby.com/image-captcha-generate/30978025/1716917288]
[simedarby.com/image-captcha-refresh/webform_submission_contact_us_paragraph_548_add_form]
[simedarby.com/image-captcha-generate/30978026/1716917288]
[simedarby.com/image-captcha-generate/30978027/1716917288]
[simedarby.com/image-captcha-generate/30978028/1716917288]
[simedarby.com/sites/default/files/css/css_jPnvjdGORfvrD17vBWag6KaQwPg7JoFHAMYSY_vF0sMac8f.css]
[simedarby.com/sites/default/files/css/css_GgRlnA89ofYNXo3-Pxdhf80hz6KwiyneAnDL-75eJPAf6cd.css]
[simedarby.com/sites/default/files/js/js_-GWsI2onOJNdQ9LZr-KBBlTFSkV8tagu3jwmBxFwe-k77a6.js]
[simedarby.com/sites/default/files/js/js_DlA9-3hoppQgMto2XNFARCNAnaqzpZh1X08wEB9JcCsad27.js]
[simedarby.com/modules/contrib/share_everywhere/img/share-icon.svg]
[simedarby.com/sites/default/files/bmsiaran_akhbar_-_sdb_q3_fy2024_0.pdf]
[simedarby.com/sites/default/files/chinews_release_-_sdb_q3_fy2024_0.pdf]
[simedarby.com/sites/default/files/js/js_wwIttVJjo__SgKrnULKGF7Tk-DZJoTf9dN4DCPylMTAa0ac.js]
[simedarby.com/sites/default/files/js/js_OdzwlEpXZOratj7POLX_w4_Wz-za2Y0AgMv9UOg2KQAe48f.js]
[simedarby.com/sites/default/files/bm_siaran_berita_-_sdb_q2_fy2024_0.pdf]
[simedarby.com/sites/default/files/chi_news_release_-_sdb_q2_fy2024_0.pdf]
[simedarby.com/sites/default/files/background/mobility_mainpic_2.jpg]
[simedarby.com/sites/default/files/images/BMW_i_Vision_Circular_20_1.jpg]
[simedarby.com/sites/default/files/background/evpillar_bg_4.jpg]
[simedarby.com/sites/default/files/background/fleetmanagement_bgpic_2.jpg]
[simedarby.com/sites/default/files/images/mobility_EV.jpg]
[simedarby.com/sites/default/files/inline-images/mgtc_logo_white.png]
[simedarby.com/sites/default/files/inline-images/ecoride_logo_white.png]
[simedarby.com/press-releases/sime-darby-berhad-to-play-a-key-role-in-the-nations-ev-ambitions]
[simedarby.com/sites/default/files/inline-images/focusitem3b_white.png]
[simedarby.com/sites/default/files/inline-images/EVinfrawebicon.png]
[simedarby.com/sites/default/files/images/Pulsar-Plus-Black_-Corporate_Harting.jpg]
[simedarby.com/sites/default/files/inline-images/Kinetalogowhite.png]
[simedarby.com/sites/default/files/inline-images/evcharginstationicon_0.png]
[simedarby.com/sites/default/files/images/mobility_fleetsupply3_0.jpg]
[simedarby.com/sites/default/files/inline-images/socarlogowhite_0.png]
[simedarby.com/sites/default/files/inline-images/focusitem1b_white_0.png]
[simedarby.com/sites/default/files/inline-images/focusitem1_white.png]
[simedarby.com/sites/default/files/images/mobility_digital_0.jpg]
[simedarby.com/sites/default/files/inline-images/carro_logo_white.png]
[simedarby.com/sites/default/files/inline-images/myTukar_logo_white_v1.png]
[simedarby.com/sites/default/files/inline-images/carwow-logo_white.png]
[simedarby.com/sites/default/files/inline-images/focusitem2_white.png]
[simedarby.com/sites/default/files/inline-images/Onlinecarsaleswebicon.png]
[simedarby.com/sites/default/files/inline-images/focusitem2b_white.png]
[simedarby.com/sites/default/files/images/glyimagemobility.jpg]
[simedarby.com/sites/default/files/inline-images/gly_logo.png]
[simedarby.com/sites/default/files/inline-images/growthfundicon_mobility.png]
[simedarby.com/sites/default/files/inline-images/mobility_future_icons.jpg]
[simedarby.com/sites/default/files/images/mobilityteam2022.jpg]
[simedarby.com/sites/default/files/background/sd_landing_hero.jpg]
[simedarby.com/sites/default/files/background/bod-bg.jpg]
[simedarby.com/sites/default/files/board-of-directors/bod_tan_sri_samsudin_3.png]
[simedarby.com/sites/default/files/board-of-directors/bod_thayaparan_sangarapillai_1.png]
[simedarby.com/sites/default/files/board-of-directors/bod_tan_sri_ahmad_badri.png]
[simedarby.com/sites/default/files/board-of-directors/bod_tan_sri_muhammad_shahrul.png]
[simedarby.com/sites/default/files/board-of-directors/bod_dato_lawrence_lee.png]
[simedarby.com/sites/default/files/board-of-directors/bod_moy_pui_yee.png]
[simedarby.com/sites/default/files/board-of-directors/bod_mohamad_idros_mosin.png]
[simedarby.com/sites/default/files/board-of-directors/bod_dato_dr_nirmala.png]
[simedarby.com/sites/default/files/board-of-directors/bod_datukhamisahtapsir_0.png]
[simedarby.com/sites/default/files/board-of-directors/bod_edree_ahmad.png]
[simedarby.com/sites/default/files/board-of-directors/bod_dato_jeffri_salim.png]
[simedarby.com/sites/default/files/executive-leadership/le_dato_jeffri_salim_0.png]
[simedarby.com/sites/default/files/executive-leadership/leader_website_2024_copy_noor.png]
[simedarby.com/sites/default/files/executive-leadership/le_datuk_thomas_leong.png]
